Ôû▓ Next.js 16.2.1 (Turbopack)

  Creating an optimized production build ...
Ô£ô Compiled successfully in 10.6s
  Running TypeScript ...
node.exe : Failed to type 
check.
En línea: 1 Carácter: 1
+ & "C:\Program 
Files\nodejs/node.exe" 
"C:\Program 
Files\nodejs/node_mo ...
+ ~~~~~~~~~~~~~~~~~~~~~~~~~
~~~~~~~~~~~~~~~~~~~~~~~~~~~
~~~~~~~~~~~~~~~~~
    + CategoryInfo         
     : NotSpecified: (Fai  
  led to type check.:Str   
 ing) [], RemoteExcepti    
on
    + FullyQualifiedErrorI 
   d : NativeCommandError
 

./src/components/BentoCateg
ories.tsx:81:15
Type error: Type '{ 
hidden: { opacity: number; 
y: number; }; visible: { 
opacity: number; y: 
number; transition: { 
duration: number; ease: 
string; }; }; }' is not 
assignable to type 
'Variants'.
  Property 'visible' is 
incompatible with index 
signature.
    Type '{ opacity: 
number; y: number; 
transition: { duration: 
number; ease: string; }; 
}' is not assignable to 
type 'Variant'.
      Type '{ opacity: 
number; y: number; 
transition: { duration: 
number; ease: string; }; 
}' is not assignable to 
type 'TargetAndTransition'.
        Type '{ opacity: 
number; y: number; 
transition: { duration: 
number; ease: string; }; 
}' is not assignable to 
type '{ transition?: 
Transition<any> | 
undefined; transitionEnd?: 
ResolvedValues$1 | 
undefined; }'.
          Types of 
property 'transition' are 
incompatible.
            Type '{ 
duration: number; ease: 
string; }' is not 
assignable to type 
'Transition<any> | 
undefined'.
              Type '{ 
duration: number; ease: 
string; }' is not 
assignable to type 'Transit
ionWithValueOverrides<any>'
.
                Type '{ 
duration: number; ease: 
string; }' is not 
assignable to type 'ValueAn
imationTransition<any>'.
                  Types of 
property 'ease' are 
incompatible.
                    Type 
'string' is not assignable 
to type 'Easing | Easing[] 
| undefined'.

  [90m79 |[0m            
   key={i}
  [90m80 |[0m            
   href={cat.href}
[31m[1m>[0m [90m81 
|[0m               
variants={cardVariants}
  [90m   |[0m            
   [31m[1m^[0m
  [90m82 |[0m            
   data-cursor=[32m"machin
e"[0m
  [90m83 |[0m            
   className={[32m`[0m
  [90m84 |[0m [32m      
          relative 
overflow-hidden 
rounded-2xl group[0m
Next.js build worker 
exited with code: 1 and 
signal: null
